{"timestamp": "2026-05-12 07:46:14", "level": "ERROR", "logger": "django.request", "message": "Internal Server Error: /admin/login/", "lineno": 241}
Traceback (most recent call last):
  File "/Users/netrakoirala/dev/ai agents dev/nepse ai tool/nepse_backend/.venv/lib/python3.14/site-packages/django/core/handlers/exception.py", line 55, in inner
    response = get_response(request)
  File "/Users/netrakoirala/dev/ai agents dev/nepse ai tool/nepse_backend/.venv/lib/python3.14/site-packages/django/core/handlers/base.py", line 220, in _get_response
    response = response.render()
  File "/Users/netrakoirala/dev/ai agents dev/nepse ai tool/nepse_backend/.venv/lib/python3.14/site-packages/django/template/response.py", line 114, in render
    self.content = self.rendered_content
                   ^^^^^^^^^^^^^^^^^^^^^
  File "/Users/netrakoirala/dev/ai agents dev/nepse ai tool/nepse_backend/.venv/lib/python3.14/site-packages/django/template/response.py", line 92, in rendered_content
    return template.render(context, self._request)
           ~~~~~~~~~~~~~~~^^^^^^^^^^^^^^^^^^^^^^^^
  File "/Users/netrakoirala/dev/ai agents dev/nepse ai tool/nepse_backend/.venv/lib/python3.14/site-packages/django/template/backends/django.py", line 61, in render
    return self.template.render(context)
           ~~~~~~~~~~~~~~~~~~~~^^^^^^^^^
  File "/Users/netrakoirala/dev/ai agents dev/nepse ai tool/nepse_backend/.venv/lib/python3.14/site-packages/django/template/base.py", line 171, in render
    return self._render(context)
           ~~~~~~~~~~~~^^^^^^^^^
  File "/Users/netrakoirala/dev/ai agents dev/nepse ai tool/nepse_backend/.venv/lib/python3.14/site-packages/django/test/utils.py", line 110, in instrumented_test_render
    template_rendered.send(sender=self, template=self, context=context)
    ~~~~~~~~~~~~~~~~~~~~~~^^^^^^^^^^^^^^^^^^^^^^^^^^^^^^^^^^^^^^^^^^^^^
  File "/Users/netrakoirala/dev/ai agents dev/nepse ai tool/nepse_backend/.venv/lib/python3.14/site-packages/django/dispatch/dispatcher.py", line 189, in send
    response = receiver(signal=self, sender=sender, **named)
  File "/Users/netrakoirala/dev/ai agents dev/nepse ai tool/nepse_backend/.venv/lib/python3.14/site-packages/django/test/client.py", line 275, in store_rendered_templates
    store["context"].append(copy(context))
                            ~~~~^^^^^^^^^
  File "/opt/homebrew/Cellar/python@3.14/3.14.3_1/Frameworks/Python.framework/Versions/3.14/lib/python3.14/copy.py", line 82, in copy
    return copier(x)
  File "/Users/netrakoirala/dev/ai agents dev/nepse ai tool/nepse_backend/.venv/lib/python3.14/site-packages/django/template/context.py", line 158, in __copy__
    duplicate = super().__copy__()
  File "/Users/netrakoirala/dev/ai agents dev/nepse ai tool/nepse_backend/.venv/lib/python3.14/site-packages/django/template/context.py", line 39, in __copy__
    duplicate.dicts = self.dicts[:]
    ^^^^^^^^^^^^^^^
AttributeError: 'super' object has no attribute 'dicts' and no __dict__ for setting new attributes
{"timestamp": "2026-05-12 07:46:14", "level": "ERROR", "logger": "django.request", "message": "Internal Server Error: /api/auth/", "lineno": 241}
{"timestamp": "2026-05-12 08:05:01", "level": "ERROR", "logger": "django.request", "message": "Internal Server Error: /admin/login/", "lineno": 241}
Traceback (most recent call last):
  File "/Users/netrakoirala/dev/ai agents dev/nepse ai tool/nepse_backend/.venv/lib/python3.14/site-packages/django/core/handlers/exception.py", line 55, in inner
    response = get_response(request)
  File "/Users/netrakoirala/dev/ai agents dev/nepse ai tool/nepse_backend/.venv/lib/python3.14/site-packages/django/core/handlers/base.py", line 220, in _get_response
    response = response.render()
  File "/Users/netrakoirala/dev/ai agents dev/nepse ai tool/nepse_backend/.venv/lib/python3.14/site-packages/django/template/response.py", line 114, in render
    self.content = self.rendered_content
                   ^^^^^^^^^^^^^^^^^^^^^
  File "/Users/netrakoirala/dev/ai agents dev/nepse ai tool/nepse_backend/.venv/lib/python3.14/site-packages/django/template/response.py", line 92, in rendered_content
    return template.render(context, self._request)
           ~~~~~~~~~~~~~~~^^^^^^^^^^^^^^^^^^^^^^^^
  File "/Users/netrakoirala/dev/ai agents dev/nepse ai tool/nepse_backend/.venv/lib/python3.14/site-packages/django/template/backends/django.py", line 61, in render
    return self.template.render(context)
           ~~~~~~~~~~~~~~~~~~~~^^^^^^^^^
  File "/Users/netrakoirala/dev/ai agents dev/nepse ai tool/nepse_backend/.venv/lib/python3.14/site-packages/django/template/base.py", line 171, in render
    return self._render(context)
           ~~~~~~~~~~~~^^^^^^^^^
  File "/Users/netrakoirala/dev/ai agents dev/nepse ai tool/nepse_backend/.venv/lib/python3.14/site-packages/django/test/utils.py", line 110, in instrumented_test_render
    template_rendered.send(sender=self, template=self, context=context)
    ~~~~~~~~~~~~~~~~~~~~~~^^^^^^^^^^^^^^^^^^^^^^^^^^^^^^^^^^^^^^^^^^^^^
  File "/Users/netrakoirala/dev/ai agents dev/nepse ai tool/nepse_backend/.venv/lib/python3.14/site-packages/django/dispatch/dispatcher.py", line 189, in send
    response = receiver(signal=self, sender=sender, **named)
  File "/Users/netrakoirala/dev/ai agents dev/nepse ai tool/nepse_backend/.venv/lib/python3.14/site-packages/django/test/client.py", line 275, in store_rendered_templates
    store["context"].append(copy(context))
                            ~~~~^^^^^^^^^
  File "/opt/homebrew/Cellar/python@3.14/3.14.3_1/Frameworks/Python.framework/Versions/3.14/lib/python3.14/copy.py", line 82, in copy
    return copier(x)
  File "/Users/netrakoirala/dev/ai agents dev/nepse ai tool/nepse_backend/.venv/lib/python3.14/site-packages/django/template/context.py", line 158, in __copy__
    duplicate = super().__copy__()
  File "/Users/netrakoirala/dev/ai agents dev/nepse ai tool/nepse_backend/.venv/lib/python3.14/site-packages/django/template/context.py", line 39, in __copy__
    duplicate.dicts = self.dicts[:]
    ^^^^^^^^^^^^^^^
AttributeError: 'super' object has no attribute 'dicts' and no __dict__ for setting new attributes
{"timestamp": "2026-05-12 08:05:01", "level": "ERROR", "logger": "django.request", "message": "Internal Server Error: /api/auth/", "lineno": 241}
